// Jest Snapshot v1, https://goo.gl/fbAQLP

exports[`icon should render 1`] = `
<i
  id="MockFontAwesomeIcon"
/>
`;
